[
  "break"
  "delete"
  "else"
  "for"
  "function"
  "if"
  "return"
  "try"
  "while"
] @keyword
