(list (string) @last_str (#eq? @last_str "90") .)
