;; Methods
(method_declaration (identifier) @type (identifier) @function)
