(assignment_expression
  left: (member_expression
    object: (call_expression)))
