(
  (pair
    key: (property_identifier) @key-name
    value: (identifier) @value-name)
  (#eq? @key-name @value-name)
)
